1777225405: mosquitto version 2.1.2 starting
1777225405: Config loaded from mosquitto.conf.
1777225405: Bridge support available.
1777225405: Persistence support available.
1777225405: TLS support available.
1777225405: TLS-PSK support available.
1777225405: Websockets support available.
1777225405: Opening ipv4 listen socket on port 1883.
1777225405: Opening ipv6 listen socket on port 1883.
1777225405: mosquitto version 2.1.2 running
1777225416: mosquitto version 2.1.2 terminating
1777225416: Saving in-memory database to ./data//mosquitto.db.
1777225416: Error saving in-memory database, unable to open ./data//mosquitto.db.new for writing, error No such file or directory
1777225989: mosquitto version 2.1.2 starting
1777225989: Config loaded from mosquitto.conf.
1777225989: Bridge support available.
1777225989: Persistence support available.
1777225989: TLS support available.
1777225989: TLS-PSK support available.
1777225989: Websockets support available.
1777225989: Opening ipv4 listen socket on port 1883.
1777225989: Opening ipv6 listen socket on port 1883.
1777225989: mosquitto version 2.1.2 running
1777225993: mosquitto version 2.1.2 terminating
1777225993: Saving in-memory database to ./data//mosquitto.db.
1777225993: Error saving in-memory database, unable to open ./data//mosquitto.db.new for writing, error No such file or directory
1777228429: mosquitto version 2.1.2 starting
1777228429: Config loaded from mosquitto.conf.
1777228429: Bridge support available.
1777228429: Persistence support available.
1777228429: TLS support available.
1777228429: TLS-PSK support available.
1777228429: Websockets support available.
1777228429: Opening ipv4 listen socket on port 1883.
1777228429: Opening ipv6 listen socket on port 1883.
1777228429: mosquitto version 2.1.2 running
1777228439: New connection from ::1:51072 on port 1883.
1777228439: New client connected from ::1:51072 as Telegraf-Consumer-n6nj8 (p4, c1, k60).
1777228439: No will message specified.
1777228439: Sending CONNACK to Telegraf-Consumer-n6nj8 (0, 0)
1777228439: Received SUBSCRIBE from Telegraf-Consumer-n6nj8
1777228439: 	sensors/+/temperature (QoS 0)
1777228439: Telegraf-Consumer-n6nj8 0 sensors/+/temperature
1777228439: 	sensors/+/humidity (QoS 0)
1777228439: Telegraf-Consumer-n6nj8 0 sensors/+/humidity
1777228439: 	sensors/+/co2 (QoS 0)
1777228439: Telegraf-Consumer-n6nj8 0 sensors/+/co2
1777228439: 	sensors/+/voc (QoS 0)
1777228439: Telegraf-Consumer-n6nj8 0 sensors/+/voc
1777228439: Sending SUBACK to Telegraf-Consumer-n6nj8
1777228499: Received PINGREQ from Telegraf-Consumer-n6nj8
1777228499: Sending PINGRESP to Telegraf-Consumer-n6nj8
1777228563: mosquitto version 2.1.2 terminating
1777228563: Saving in-memory database to ./data//mosquitto.db.
1777228563: Error saving in-memory database, unable to open ./data//mosquitto.db.new for writing, error No such file or directory
1777228620: mosquitto version 2.1.2 starting
1777228620: Config loaded from mosquitto.conf.
1777228620: Bridge support available.
1777228620: Persistence support available.
1777228620: TLS support available.
1777228620: TLS-PSK support available.
1777228620: Websockets support available.
1777228620: Opening ipv4 listen socket on port 1883.
1777228620: Opening ipv6 listen socket on port 1883.
1777228620: mosquitto version 2.1.2 running
1777228631: New connection from ::1:50360 on port 1883.
1777228631: New client connected from ::1:50360 as Telegraf-Consumer-ek7tO (p4, c1, k60).
1777228631: No will message specified.
1777228631: Sending CONNACK to Telegraf-Consumer-ek7tO (0, 0)
1777228631: Received SUBSCRIBE from Telegraf-Consumer-ek7tO
1777228631: 	sensors/+/temperature (QoS 0)
1777228631: Telegraf-Consumer-ek7tO 0 sensors/+/temperature
1777228631: 	sensors/+/humidity (QoS 0)
1777228631: Telegraf-Consumer-ek7tO 0 sensors/+/humidity
1777228631: 	sensors/+/co2 (QoS 0)
1777228631: Telegraf-Consumer-ek7tO 0 sensors/+/co2
1777228631: 	sensors/+/voc (QoS 0)
1777228631: Telegraf-Consumer-ek7tO 0 sensors/+/voc
1777228631: Sending SUBACK to Telegraf-Consumer-ek7tO
1777228672: Received DISCONNECT from Telegraf-Consumer-ek7tO
1777228672: Client Telegraf-Consumer-ek7tO [::1:50360] disconnected.
1777228672: mosquitto version 2.1.2 terminating
1777228672: Saving in-memory database to ./data//mosquitto.db.
1777228672: Error saving in-memory database, unable to open ./data//mosquitto.db.new for writing, error No such file or directory
1777229910: mosquitto version 2.1.2 starting
1777229910: Config loaded from mosquitto.conf.
1777229910: Bridge support available.
1777229910: Persistence support available.
1777229910: TLS support available.
1777229910: TLS-PSK support available.
1777229910: Websockets support available.
1777229910: Opening ipv4 listen socket on port 1883.
1777229910: Opening ipv6 listen socket on port 1883.
1777229910: mosquitto version 2.1.2 running
1777229920: New connection from ::1:50538 on port 1883.
1777229920: New client connected from ::1:50538 as Telegraf-Consumer-EZjmp (p4, c1, k60).
1777229920: No will message specified.
1777229920: Sending CONNACK to Telegraf-Consumer-EZjmp (0, 0)
1777229920: Received SUBSCRIBE from Telegraf-Consumer-EZjmp
1777229920: 	sensors/+/co2 (QoS 0)
1777229920: Telegraf-Consumer-EZjmp 0 sensors/+/co2
1777229920: 	sensors/+/voc (QoS 0)
1777229920: Telegraf-Consumer-EZjmp 0 sensors/+/voc
1777229920: 	sensors/+/temperature (QoS 0)
1777229920: Telegraf-Consumer-EZjmp 0 sensors/+/temperature
1777229920: 	sensors/+/humidity (QoS 0)
1777229920: Telegraf-Consumer-EZjmp 0 sensors/+/humidity
1777229920: Sending SUBACK to Telegraf-Consumer-EZjmp
1777229953: New connection from ::1:36810 on port 1883.
1777229953: New client connected from ::1:36810 as auto-153C1F98-F0A2-B36A-9414-1F2FAB41B5F7 (p4, c1, k60).
1777229953: No will message specified.
1777229953: Sending CONNACK to auto-153C1F98-F0A2-B36A-9414-1F2FAB41B5F7 (0, 0)
1777229954: Received PUBLISH from auto-153C1F98-F0A2-B36A-9414-1F2FAB41B5F7 (d0, q0, r0, m0, 'sensors/site1/temperature', ... (15 bytes))
1777229954: Sending PUBLISH to Telegraf-Consumer-EZjmp (d0, q0, r0, m0, 'sensors/site1/temperature', ... (15 bytes))
1777229954: Received DISCONNECT from auto-153C1F98-F0A2-B36A-9414-1F2FAB41B5F7
1777229954: Client auto-153C1F98-F0A2-B36A-9414-1F2FAB41B5F7 [::1:36810] disconnected.
1777229969: mosquitto version 2.1.2 terminating
1777229969: Saving in-memory database to ./data//mosquitto.db.
1777229969: Error saving in-memory database, unable to open ./data//mosquitto.db.new for writing, error No such file or directory
1777230171: mosquitto version 2.1.2 starting
1777230171: Config loaded from mosquitto.conf.
1777230171: Bridge support available.
1777230171: Persistence support available.
1777230171: TLS support available.
1777230171: TLS-PSK support available.
1777230171: Websockets support available.
1777230171: Opening ipv4 listen socket on port 1883.
1777230171: Opening ipv6 listen socket on port 1883.
1777230171: mosquitto version 2.1.2 running
1777230181: New connection from ::1:41706 on port 1883.
1777230181: New client connected from ::1:41706 as Telegraf-Consumer-Sa4iZ (p4, c1, k60).
1777230181: No will message specified.
1777230181: Sending CONNACK to Telegraf-Consumer-Sa4iZ (0, 0)
1777230181: Received SUBSCRIBE from Telegraf-Consumer-Sa4iZ
1777230181: 	sensors/+/temperature (QoS 0)
1777230181: Telegraf-Consumer-Sa4iZ 0 sensors/+/temperature
1777230181: 	sensors/+/humidity (QoS 0)
1777230181: Telegraf-Consumer-Sa4iZ 0 sensors/+/humidity
1777230181: 	sensors/+/co2 (QoS 0)
1777230181: Telegraf-Consumer-Sa4iZ 0 sensors/+/co2
1777230181: 	sensors/+/voc (QoS 0)
1777230181: Telegraf-Consumer-Sa4iZ 0 sensors/+/voc
1777230181: Sending SUBACK to Telegraf-Consumer-Sa4iZ
1777230196: New connection from ::1:56680 on port 1883.
1777230196: New client connected from ::1:56680 as auto-9DABC584-98E0-B68E-58AF-BE031F2D57A1 (p4, c1, k60).
1777230196: No will message specified.
1777230196: Sending CONNACK to auto-9DABC584-98E0-B68E-58AF-BE031F2D57A1 (0, 0)
1777230196: Received PUBLISH from auto-9DABC584-98E0-B68E-58AF-BE031F2D57A1 (d0, q0, r0, m0, 'sensors/site1/temperature', ... (15 bytes))
1777230196: Sending PUBLISH to Telegraf-Consumer-Sa4iZ (d0, q0, r0, m0, 'sensors/site1/temperature', ... (15 bytes))
1777230196: Received DISCONNECT from auto-9DABC584-98E0-B68E-58AF-BE031F2D57A1
1777230196: Client auto-9DABC584-98E0-B68E-58AF-BE031F2D57A1 [::1:56680] disconnected.
1777230241: Received PINGREQ from Telegraf-Consumer-Sa4iZ
1777230241: Sending PINGRESP to Telegraf-Consumer-Sa4iZ
1777230306: Received PINGREQ from Telegraf-Consumer-Sa4iZ
1777230306: Sending PINGRESP to Telegraf-Consumer-Sa4iZ
1777230371: Received PINGREQ from Telegraf-Consumer-Sa4iZ
1777230371: Sending PINGRESP to Telegraf-Consumer-Sa4iZ
1777230436: Received PINGREQ from Telegraf-Consumer-Sa4iZ
1777230436: Sending PINGRESP to Telegraf-Consumer-Sa4iZ
1777230501: Received PINGREQ from Telegraf-Consumer-Sa4iZ
1777230501: Sending PINGRESP to Telegraf-Consumer-Sa4iZ
1777230561: Received PINGREQ from Telegraf-Consumer-Sa4iZ
1777230561: Sending PINGRESP to Telegraf-Consumer-Sa4iZ
1777230626: Received PINGREQ from Telegraf-Consumer-Sa4iZ
1777230626: Sending PINGRESP to Telegraf-Consumer-Sa4iZ
1777230686: Received PINGREQ from Telegraf-Consumer-Sa4iZ
1777230686: Sending PINGRESP to Telegraf-Consumer-Sa4iZ
1777230751: Received PINGREQ from Telegraf-Consumer-Sa4iZ
1777230751: Sending PINGRESP to Telegraf-Consumer-Sa4iZ
1777230811: Received PINGREQ from Telegraf-Consumer-Sa4iZ
1777230811: Sending PINGRESP to Telegraf-Consumer-Sa4iZ
1777230876: Received PINGREQ from Telegraf-Consumer-Sa4iZ
1777230876: Sending PINGRESP to Telegraf-Consumer-Sa4iZ
1777230936: Received PINGREQ from Telegraf-Consumer-Sa4iZ
1777230936: Sending PINGRESP to Telegraf-Consumer-Sa4iZ
1777231001: Received PINGREQ from Telegraf-Consumer-Sa4iZ
1777231001: Sending PINGRESP to Telegraf-Consumer-Sa4iZ
1777231066: Received PINGREQ from Telegraf-Consumer-Sa4iZ
1777231066: Sending PINGRESP to Telegraf-Consumer-Sa4iZ
1777231126: Received PINGREQ from Telegraf-Consumer-Sa4iZ
1777231126: Sending PINGRESP to Telegraf-Consumer-Sa4iZ
1777231186: Received PINGREQ from Telegraf-Consumer-Sa4iZ
1777231186: Sending PINGRESP to Telegraf-Consumer-Sa4iZ
1777231251: Received PINGREQ from Telegraf-Consumer-Sa4iZ
1777231251: Sending PINGRESP to Telegraf-Consumer-Sa4iZ
1777231311: Received PINGREQ from Telegraf-Consumer-Sa4iZ
1777231311: Sending PINGRESP to Telegraf-Consumer-Sa4iZ
1777231376: Received PINGREQ from Telegraf-Consumer-Sa4iZ
1777231376: Sending PINGRESP to Telegraf-Consumer-Sa4iZ
1777231441: Received PINGREQ from Telegraf-Consumer-Sa4iZ
1777231441: Sending PINGRESP to Telegraf-Consumer-Sa4iZ
1777231506: Received PINGREQ from Telegraf-Consumer-Sa4iZ
1777231506: Sending PINGRESP to Telegraf-Consumer-Sa4iZ
1777231571: Received PINGREQ from Telegraf-Consumer-Sa4iZ
1777231571: Sending PINGRESP to Telegraf-Consumer-Sa4iZ
1777231636: Received PINGREQ from Telegraf-Consumer-Sa4iZ
1777231636: Sending PINGRESP to Telegraf-Consumer-Sa4iZ
1777231701: Received PINGREQ from Telegraf-Consumer-Sa4iZ
1777231701: Sending PINGRESP to Telegraf-Consumer-Sa4iZ
1777231766: Received PINGREQ from Telegraf-Consumer-Sa4iZ
1777231766: Sending PINGRESP to Telegraf-Consumer-Sa4iZ
1777231826: Received PINGREQ from Telegraf-Consumer-Sa4iZ
1777231826: Sending PINGRESP to Telegraf-Consumer-Sa4iZ
1777231891: Received PINGREQ from Telegraf-Consumer-Sa4iZ
1777231891: Sending PINGRESP to Telegraf-Consumer-Sa4iZ
1777231951: Received PINGREQ from Telegraf-Consumer-Sa4iZ
1777231951: Sending PINGRESP to Telegraf-Consumer-Sa4iZ
1777231971: Saving in-memory database to ./data//mosquitto.db.
1777231971: Error saving in-memory database, unable to open ./data//mosquitto.db.new for writing, error No such file or directory
1777232016: Received PINGREQ from Telegraf-Consumer-Sa4iZ
1777232016: Sending PINGRESP to Telegraf-Consumer-Sa4iZ
1777232081: Received PINGREQ from Telegraf-Consumer-Sa4iZ
1777232081: Sending PINGRESP to Telegraf-Consumer-Sa4iZ
1777232141: Received PINGREQ from Telegraf-Consumer-Sa4iZ
1777232141: Sending PINGRESP to Telegraf-Consumer-Sa4iZ
1777232206: Received PINGREQ from Telegraf-Consumer-Sa4iZ
1777232206: Sending PINGRESP to Telegraf-Consumer-Sa4iZ
1777232266: Received PINGREQ from Telegraf-Consumer-Sa4iZ
1777232266: Sending PINGRESP to Telegraf-Consumer-Sa4iZ
1777232326: Received PINGREQ from Telegraf-Consumer-Sa4iZ
1777232326: Sending PINGRESP to Telegraf-Consumer-Sa4iZ
1777232391: Received PINGREQ from Telegraf-Consumer-Sa4iZ
1777232391: Sending PINGRESP to Telegraf-Consumer-Sa4iZ
1777232456: Received PINGREQ from Telegraf-Consumer-Sa4iZ
1777232456: Sending PINGRESP to Telegraf-Consumer-Sa4iZ
1777232521: Received PINGREQ from Telegraf-Consumer-Sa4iZ
1777232521: Sending PINGRESP to Telegraf-Consumer-Sa4iZ
1777232581: Received PINGREQ from Telegraf-Consumer-Sa4iZ
1777232581: Sending PINGRESP to Telegraf-Consumer-Sa4iZ
1777232646: Received PINGREQ from Telegraf-Consumer-Sa4iZ
1777232646: Sending PINGRESP to Telegraf-Consumer-Sa4iZ
1777232706: Received PINGREQ from Telegraf-Consumer-Sa4iZ
1777232706: Sending PINGRESP to Telegraf-Consumer-Sa4iZ
1777232771: Received PINGREQ from Telegraf-Consumer-Sa4iZ
1777232771: Sending PINGRESP to Telegraf-Consumer-Sa4iZ
1777232831: Received PINGREQ from Telegraf-Consumer-Sa4iZ
1777232831: Sending PINGRESP to Telegraf-Consumer-Sa4iZ
1777232896: Received PINGREQ from Telegraf-Consumer-Sa4iZ
1777232896: Sending PINGRESP to Telegraf-Consumer-Sa4iZ
1777232961: Received PINGREQ from Telegraf-Consumer-Sa4iZ
1777232961: Sending PINGRESP to Telegraf-Consumer-Sa4iZ
1777233026: Received PINGREQ from Telegraf-Consumer-Sa4iZ
1777233026: Sending PINGRESP to Telegraf-Consumer-Sa4iZ
1777233086: Received PINGREQ from Telegraf-Consumer-Sa4iZ
1777233086: Sending PINGRESP to Telegraf-Consumer-Sa4iZ
1777233151: Received PINGREQ from Telegraf-Consumer-Sa4iZ
1777233151: Sending PINGRESP to Telegraf-Consumer-Sa4iZ
1777233216: Received PINGREQ from Telegraf-Consumer-Sa4iZ
1777233216: Sending PINGRESP to Telegraf-Consumer-Sa4iZ
1777233281: Received PINGREQ from Telegraf-Consumer-Sa4iZ
1777233281: Sending PINGRESP to Telegraf-Consumer-Sa4iZ
1777233341: Received PINGREQ from Telegraf-Consumer-Sa4iZ
1777233341: Sending PINGRESP to Telegraf-Consumer-Sa4iZ
1777233406: Received PINGREQ from Telegraf-Consumer-Sa4iZ
1777233406: Sending PINGRESP to Telegraf-Consumer-Sa4iZ
1777233471: Received PINGREQ from Telegraf-Consumer-Sa4iZ
1777233471: Sending PINGRESP to Telegraf-Consumer-Sa4iZ
1777233536: Received PINGREQ from Telegraf-Consumer-Sa4iZ
1777233536: Sending PINGRESP to Telegraf-Consumer-Sa4iZ
1777233596: Received PINGREQ from Telegraf-Consumer-Sa4iZ
1777233596: Sending PINGRESP to Telegraf-Consumer-Sa4iZ
1777233661: Received PINGREQ from Telegraf-Consumer-Sa4iZ
1777233661: Sending PINGRESP to Telegraf-Consumer-Sa4iZ
1777233721: Received PINGREQ from Telegraf-Consumer-Sa4iZ
1777233721: Sending PINGRESP to Telegraf-Consumer-Sa4iZ
1777233772: Saving in-memory database to ./data//mosquitto.db.
1777233772: Error saving in-memory database, unable to open ./data//mosquitto.db.new for writing, error No such file or directory
1777233786: Received PINGREQ from Telegraf-Consumer-Sa4iZ
1777233786: Sending PINGRESP to Telegraf-Consumer-Sa4iZ
1777233851: Received PINGREQ from Telegraf-Consumer-Sa4iZ
1777233851: Sending PINGRESP to Telegraf-Consumer-Sa4iZ
1777233916: Received PINGREQ from Telegraf-Consumer-Sa4iZ
1777233916: Sending PINGRESP to Telegraf-Consumer-Sa4iZ
1777233981: Received PINGREQ from Telegraf-Consumer-Sa4iZ
1777233981: Sending PINGRESP to Telegraf-Consumer-Sa4iZ
1777234046: Received PINGREQ from Telegraf-Consumer-Sa4iZ
1777234046: Sending PINGRESP to Telegraf-Consumer-Sa4iZ
1777234111: Received PINGREQ from Telegraf-Consumer-Sa4iZ
1777234111: Sending PINGRESP to Telegraf-Consumer-Sa4iZ
1777234176: Received PINGREQ from Telegraf-Consumer-Sa4iZ
1777234176: Sending PINGRESP to Telegraf-Consumer-Sa4iZ
1777234236: Received PINGREQ from Telegraf-Consumer-Sa4iZ
1777234236: Sending PINGRESP to Telegraf-Consumer-Sa4iZ
1777234301: Received PINGREQ from Telegraf-Consumer-Sa4iZ
1777234301: Sending PINGRESP to Telegraf-Consumer-Sa4iZ
1777234361: Received PINGREQ from Telegraf-Consumer-Sa4iZ
1777234361: Sending PINGRESP to Telegraf-Consumer-Sa4iZ
1777234426: Received PINGREQ from Telegraf-Consumer-Sa4iZ
1777234426: Sending PINGRESP to Telegraf-Consumer-Sa4iZ
1777234491: Received PINGREQ from Telegraf-Consumer-Sa4iZ
1777234491: Sending PINGRESP to Telegraf-Consumer-Sa4iZ
1777234551: Received PINGREQ from Telegraf-Consumer-Sa4iZ
1777234551: Sending PINGRESP to Telegraf-Consumer-Sa4iZ
1777234616: Received PINGREQ from Telegraf-Consumer-Sa4iZ
1777234616: Sending PINGRESP to Telegraf-Consumer-Sa4iZ
1777234681: Received PINGREQ from Telegraf-Consumer-Sa4iZ
1777234681: Sending PINGRESP to Telegraf-Consumer-Sa4iZ
1777234741: Received PINGREQ from Telegraf-Consumer-Sa4iZ
1777234741: Sending PINGRESP to Telegraf-Consumer-Sa4iZ
1777234806: Received PINGREQ from Telegraf-Consumer-Sa4iZ
1777234806: Sending PINGRESP to Telegraf-Consumer-Sa4iZ
1777234871: Received PINGREQ from Telegraf-Consumer-Sa4iZ
1777234871: Sending PINGRESP to Telegraf-Consumer-Sa4iZ
1777234936: Received PINGREQ from Telegraf-Consumer-Sa4iZ
1777234936: Sending PINGRESP to Telegraf-Consumer-Sa4iZ
1777234996: Received PINGREQ from Telegraf-Consumer-Sa4iZ
1777234996: Sending PINGRESP to Telegraf-Consumer-Sa4iZ
1777235061: Received PINGREQ from Telegraf-Consumer-Sa4iZ
1777235061: Sending PINGRESP to Telegraf-Consumer-Sa4iZ
1777235121: Received PINGREQ from Telegraf-Consumer-Sa4iZ
1777235121: Sending PINGRESP to Telegraf-Consumer-Sa4iZ
1777235181: Received PINGREQ from Telegraf-Consumer-Sa4iZ
1777235181: Sending PINGRESP to Telegraf-Consumer-Sa4iZ
1777235246: Received PINGREQ from Telegraf-Consumer-Sa4iZ
1777235246: Sending PINGRESP to Telegraf-Consumer-Sa4iZ
1777235306: Received PINGREQ from Telegraf-Consumer-Sa4iZ
1777235306: Sending PINGRESP to Telegraf-Consumer-Sa4iZ
1777235371: Received PINGREQ from Telegraf-Consumer-Sa4iZ
1777235371: Sending PINGRESP to Telegraf-Consumer-Sa4iZ
1777235431: Received PINGREQ from Telegraf-Consumer-Sa4iZ
1777235431: Sending PINGRESP to Telegraf-Consumer-Sa4iZ
1777235496: Received PINGREQ from Telegraf-Consumer-Sa4iZ
1777235496: Sending PINGRESP to Telegraf-Consumer-Sa4iZ
1777235556: Received PINGREQ from Telegraf-Consumer-Sa4iZ
1777235556: Sending PINGRESP to Telegraf-Consumer-Sa4iZ
1777235573: Saving in-memory database to ./data//mosquitto.db.
1777235573: Error saving in-memory database, unable to open ./data//mosquitto.db.new for writing, error No such file or directory
1777235621: Received PINGREQ from Telegraf-Consumer-Sa4iZ
1777235621: Sending PINGRESP to Telegraf-Consumer-Sa4iZ
1777235681: Received PINGREQ from Telegraf-Consumer-Sa4iZ
1777235681: Sending PINGRESP to Telegraf-Consumer-Sa4iZ
1777235746: Received PINGREQ from Telegraf-Consumer-Sa4iZ
1777235746: Sending PINGRESP to Telegraf-Consumer-Sa4iZ
1777235811: Received PINGREQ from Telegraf-Consumer-Sa4iZ
1777235811: Sending PINGRESP to Telegraf-Consumer-Sa4iZ
1777235876: Received PINGREQ from Telegraf-Consumer-Sa4iZ
1777235876: Sending PINGRESP to Telegraf-Consumer-Sa4iZ
1777235941: Received PINGREQ from Telegraf-Consumer-Sa4iZ
1777235941: Sending PINGRESP to Telegraf-Consumer-Sa4iZ
1777236006: Received PINGREQ from Telegraf-Consumer-Sa4iZ
1777236006: Sending PINGRESP to Telegraf-Consumer-Sa4iZ
1777236071: Received PINGREQ from Telegraf-Consumer-Sa4iZ
1777236071: Sending PINGRESP to Telegraf-Consumer-Sa4iZ
1777236131: Received PINGREQ from Telegraf-Consumer-Sa4iZ
1777236131: Sending PINGRESP to Telegraf-Consumer-Sa4iZ
1777236196: Received PINGREQ from Telegraf-Consumer-Sa4iZ
1777236196: Sending PINGRESP to Telegraf-Consumer-Sa4iZ
1777236261: Received PINGREQ from Telegraf-Consumer-Sa4iZ
1777236261: Sending PINGRESP to Telegraf-Consumer-Sa4iZ
1777236321: Received PINGREQ from Telegraf-Consumer-Sa4iZ
1777236321: Sending PINGRESP to Telegraf-Consumer-Sa4iZ
1777236386: Received PINGREQ from Telegraf-Consumer-Sa4iZ
1777236386: Sending PINGRESP to Telegraf-Consumer-Sa4iZ
1777236446: Received PINGREQ from Telegraf-Consumer-Sa4iZ
1777236446: Sending PINGRESP to Telegraf-Consumer-Sa4iZ
1777236506: Received PINGREQ from Telegraf-Consumer-Sa4iZ
1777236506: Sending PINGRESP to Telegraf-Consumer-Sa4iZ
1777236571: Received PINGREQ from Telegraf-Consumer-Sa4iZ
1777236571: Sending PINGRESP to Telegraf-Consumer-Sa4iZ
1777236631: Received PINGREQ from Telegraf-Consumer-Sa4iZ
1777236631: Sending PINGRESP to Telegraf-Consumer-Sa4iZ
1777236696: Received PINGREQ from Telegraf-Consumer-Sa4iZ
1777236696: Sending PINGRESP to Telegraf-Consumer-Sa4iZ
1777236761: Received PINGREQ from Telegraf-Consumer-Sa4iZ
1777236761: Sending PINGRESP to Telegraf-Consumer-Sa4iZ
1777236826: Received PINGREQ from Telegraf-Consumer-Sa4iZ
1777236826: Sending PINGRESP to Telegraf-Consumer-Sa4iZ
1777236891: Received PINGREQ from Telegraf-Consumer-Sa4iZ
1777236891: Sending PINGRESP to Telegraf-Consumer-Sa4iZ
1777236956: Received PINGREQ from Telegraf-Consumer-Sa4iZ
1777236956: Sending PINGRESP to Telegraf-Consumer-Sa4iZ
1777237021: Received PINGREQ from Telegraf-Consumer-Sa4iZ
1777237021: Sending PINGRESP to Telegraf-Consumer-Sa4iZ
1777237081: Received PINGREQ from Telegraf-Consumer-Sa4iZ
1777237081: Sending PINGRESP to Telegraf-Consumer-Sa4iZ
1777237146: Received PINGREQ from Telegraf-Consumer-Sa4iZ
1777237146: Sending PINGRESP to Telegraf-Consumer-Sa4iZ
1777237211: Received PINGREQ from Telegraf-Consumer-Sa4iZ
1777237211: Sending PINGRESP to Telegraf-Consumer-Sa4iZ
1777237276: Received PINGREQ from Telegraf-Consumer-Sa4iZ
1777237276: Sending PINGRESP to Telegraf-Consumer-Sa4iZ
1777283197: Saving in-memory database to ./data//mosquitto.db.
1777283197: Error saving in-memory database, unable to open ./data//mosquitto.db.new for writing, error No such file or directory
1777283197: Client Telegraf-Consumer-Sa4iZ [::1:41706] disconnected: exceeded timeout.
1777283197: New connection from ::1:40274 on port 1883.
1777283197: New client connected from ::1:40274 as Telegraf-Consumer-Sa4iZ (p4, c1, k60).
1777283197: No will message specified.
1777283197: Sending CONNACK to Telegraf-Consumer-Sa4iZ (0, 0)
1777283197: Received SUBSCRIBE from Telegraf-Consumer-Sa4iZ
1777283197: 	sensors/+/co2 (QoS 0)
1777283197: Telegraf-Consumer-Sa4iZ 0 sensors/+/co2
1777283197: 	sensors/+/voc (QoS 0)
1777283197: Telegraf-Consumer-Sa4iZ 0 sensors/+/voc
1777283197: 	sensors/+/temperature (QoS 0)
1777283197: Telegraf-Consumer-Sa4iZ 0 sensors/+/temperature
1777283197: 	sensors/+/humidity (QoS 0)
1777283197: Telegraf-Consumer-Sa4iZ 0 sensors/+/humidity
1777283197: Sending SUBACK to Telegraf-Consumer-Sa4iZ
1777283257: Received PINGREQ from Telegraf-Consumer-Sa4iZ
1777283257: Sending PINGRESP to Telegraf-Consumer-Sa4iZ
1777283322: Received PINGREQ from Telegraf-Consumer-Sa4iZ
1777283322: Sending PINGRESP to Telegraf-Consumer-Sa4iZ
1777283387: Received PINGREQ from Telegraf-Consumer-Sa4iZ
1777283387: Sending PINGRESP to Telegraf-Consumer-Sa4iZ
1777283447: Received PINGREQ from Telegraf-Consumer-Sa4iZ
1777283447: Sending PINGRESP to Telegraf-Consumer-Sa4iZ
1777283507: Received PINGREQ from Telegraf-Consumer-Sa4iZ
1777283507: Sending PINGRESP to Telegraf-Consumer-Sa4iZ
1777283572: Received PINGREQ from Telegraf-Consumer-Sa4iZ
1777283572: Sending PINGRESP to Telegraf-Consumer-Sa4iZ
1777283637: Received PINGREQ from Telegraf-Consumer-Sa4iZ
1777283637: Sending PINGRESP to Telegraf-Consumer-Sa4iZ
1777283702: Received PINGREQ from Telegraf-Consumer-Sa4iZ
1777283702: Sending PINGRESP to Telegraf-Consumer-Sa4iZ
1777283762: Received PINGREQ from Telegraf-Consumer-Sa4iZ
1777283762: Sending PINGRESP to Telegraf-Consumer-Sa4iZ
1777283827: Received PINGREQ from Telegraf-Consumer-Sa4iZ
1777283827: Sending PINGRESP to Telegraf-Consumer-Sa4iZ
1777283892: Received PINGREQ from Telegraf-Consumer-Sa4iZ
1777283892: Sending PINGRESP to Telegraf-Consumer-Sa4iZ
1777283952: Received PINGREQ from Telegraf-Consumer-Sa4iZ
1777283952: Sending PINGRESP to Telegraf-Consumer-Sa4iZ
1777284017: Received PINGREQ from Telegraf-Consumer-Sa4iZ
1777284017: Sending PINGRESP to Telegraf-Consumer-Sa4iZ
1777284082: Received PINGREQ from Telegraf-Consumer-Sa4iZ
1777284082: Sending PINGRESP to Telegraf-Consumer-Sa4iZ
1777284147: Received PINGREQ from Telegraf-Consumer-Sa4iZ
1777284147: Sending PINGRESP to Telegraf-Consumer-Sa4iZ
1777284207: Received PINGREQ from Telegraf-Consumer-Sa4iZ
1777284207: Sending PINGRESP to Telegraf-Consumer-Sa4iZ
1777284267: Received PINGREQ from Telegraf-Consumer-Sa4iZ
1777284267: Sending PINGRESP to Telegraf-Consumer-Sa4iZ
1777284332: Received PINGREQ from Telegraf-Consumer-Sa4iZ
1777284332: Sending PINGRESP to Telegraf-Consumer-Sa4iZ
1777284392: Received PINGREQ from Telegraf-Consumer-Sa4iZ
1777284392: Sending PINGRESP to Telegraf-Consumer-Sa4iZ
1777284457: Received PINGREQ from Telegraf-Consumer-Sa4iZ
1777284457: Sending PINGRESP to Telegraf-Consumer-Sa4iZ
1777284522: Received PINGREQ from Telegraf-Consumer-Sa4iZ
1777284522: Sending PINGRESP to Telegraf-Consumer-Sa4iZ
1777284582: Received PINGREQ from Telegraf-Consumer-Sa4iZ
1777284582: Sending PINGRESP to Telegraf-Consumer-Sa4iZ
1777284647: Received PINGREQ from Telegraf-Consumer-Sa4iZ
1777284647: Sending PINGRESP to Telegraf-Consumer-Sa4iZ
1777284712: Received PINGREQ from Telegraf-Consumer-Sa4iZ
1777284712: Sending PINGRESP to Telegraf-Consumer-Sa4iZ
1777284772: Received PINGREQ from Telegraf-Consumer-Sa4iZ
1777284772: Sending PINGRESP to Telegraf-Consumer-Sa4iZ
1777284832: Received PINGREQ from Telegraf-Consumer-Sa4iZ
1777284832: Sending PINGRESP to Telegraf-Consumer-Sa4iZ
1777284897: Received PINGREQ from Telegraf-Consumer-Sa4iZ
1777284897: Sending PINGRESP to Telegraf-Consumer-Sa4iZ
1777284962: Received PINGREQ from Telegraf-Consumer-Sa4iZ
1777284962: Sending PINGRESP to Telegraf-Consumer-Sa4iZ
1777284997: Saving in-memory database to ./data//mosquitto.db.
1777284997: Error saving in-memory database, unable to open ./data//mosquitto.db.new for writing, error No such file or directory
1777285027: Received PINGREQ from Telegraf-Consumer-Sa4iZ
1777285027: Sending PINGRESP to Telegraf-Consumer-Sa4iZ
1777285092: Received PINGREQ from Telegraf-Consumer-Sa4iZ
1777285092: Sending PINGRESP to Telegraf-Consumer-Sa4iZ
1777285157: Received PINGREQ from Telegraf-Consumer-Sa4iZ
1777285157: Sending PINGRESP to Telegraf-Consumer-Sa4iZ
1777285217: Received PINGREQ from Telegraf-Consumer-Sa4iZ
1777285217: Sending PINGRESP to Telegraf-Consumer-Sa4iZ
1777285282: Received PINGREQ from Telegraf-Consumer-Sa4iZ
1777285282: Sending PINGRESP to Telegraf-Consumer-Sa4iZ
1777285347: Received PINGREQ from Telegraf-Consumer-Sa4iZ
1777285347: Sending PINGRESP to Telegraf-Consumer-Sa4iZ
1777285412: Received PINGREQ from Telegraf-Consumer-Sa4iZ
1777285412: Sending PINGRESP to Telegraf-Consumer-Sa4iZ
1777285472: Received PINGREQ from Telegraf-Consumer-Sa4iZ
1777285472: Sending PINGRESP to Telegraf-Consumer-Sa4iZ
1777285537: Received PINGREQ from Telegraf-Consumer-Sa4iZ
1777285537: Sending PINGRESP to Telegraf-Consumer-Sa4iZ
1777285602: Received PINGREQ from Telegraf-Consumer-Sa4iZ
1777285602: Sending PINGRESP to Telegraf-Consumer-Sa4iZ
1777285662: Received PINGREQ from Telegraf-Consumer-Sa4iZ
1777285662: Sending PINGRESP to Telegraf-Consumer-Sa4iZ
1777285727: Received PINGREQ from Telegraf-Consumer-Sa4iZ
1777285727: Sending PINGRESP to Telegraf-Consumer-Sa4iZ
1777285792: Received PINGREQ from Telegraf-Consumer-Sa4iZ
1777285792: Sending PINGRESP to Telegraf-Consumer-Sa4iZ
1777285852: Received PINGREQ from Telegraf-Consumer-Sa4iZ
1777285852: Sending PINGRESP to Telegraf-Consumer-Sa4iZ
1777285917: Received PINGREQ from Telegraf-Consumer-Sa4iZ
1777285917: Sending PINGRESP to Telegraf-Consumer-Sa4iZ
1777285977: Received PINGREQ from Telegraf-Consumer-Sa4iZ
1777285977: Sending PINGRESP to Telegraf-Consumer-Sa4iZ
1777286042: Received PINGREQ from Telegraf-Consumer-Sa4iZ
1777286042: Sending PINGRESP to Telegraf-Consumer-Sa4iZ
1777286107: Received PINGREQ from Telegraf-Consumer-Sa4iZ
1777286107: Sending PINGRESP to Telegraf-Consumer-Sa4iZ
1777286172: Received PINGREQ from Telegraf-Consumer-Sa4iZ
1777286172: Sending PINGRESP to Telegraf-Consumer-Sa4iZ
1777286237: Received PINGREQ from Telegraf-Consumer-Sa4iZ
1777286237: Sending PINGRESP to Telegraf-Consumer-Sa4iZ
1777286297: Received PINGREQ from Telegraf-Consumer-Sa4iZ
1777286297: Sending PINGRESP to Telegraf-Consumer-Sa4iZ
1777286362: Received PINGREQ from Telegraf-Consumer-Sa4iZ
1777286362: Sending PINGRESP to Telegraf-Consumer-Sa4iZ
1777286427: Received PINGREQ from Telegraf-Consumer-Sa4iZ
1777286427: Sending PINGRESP to Telegraf-Consumer-Sa4iZ
1777286492: Received PINGREQ from Telegraf-Consumer-Sa4iZ
1777286492: Sending PINGRESP to Telegraf-Consumer-Sa4iZ
1777286552: Received PINGREQ from Telegraf-Consumer-Sa4iZ
1777286552: Sending PINGRESP to Telegraf-Consumer-Sa4iZ
1777286612: Received PINGREQ from Telegraf-Consumer-Sa4iZ
1777286612: Sending PINGRESP to Telegraf-Consumer-Sa4iZ
1777286677: Received PINGREQ from Telegraf-Consumer-Sa4iZ
1777286677: Sending PINGRESP to Telegraf-Consumer-Sa4iZ
1777286742: Received PINGREQ from Telegraf-Consumer-Sa4iZ
1777286742: Sending PINGRESP to Telegraf-Consumer-Sa4iZ
1777286799: Saving in-memory database to ./data//mosquitto.db.
1777286799: Error saving in-memory database, unable to open ./data//mosquitto.db.new for writing, error No such file or directory
1777286802: Received PINGREQ from Telegraf-Consumer-Sa4iZ
1777286802: Sending PINGRESP to Telegraf-Consumer-Sa4iZ
1777286867: Received PINGREQ from Telegraf-Consumer-Sa4iZ
1777286867: Sending PINGRESP to Telegraf-Consumer-Sa4iZ
1777286932: Received PINGREQ from Telegraf-Consumer-Sa4iZ
1777286932: Sending PINGRESP to Telegraf-Consumer-Sa4iZ
1777286997: Received PINGREQ from Telegraf-Consumer-Sa4iZ
1777286997: Sending PINGRESP to Telegraf-Consumer-Sa4iZ
1777287062: Received PINGREQ from Telegraf-Consumer-Sa4iZ
1777287062: Sending PINGRESP to Telegraf-Consumer-Sa4iZ
1777287127: Received PINGREQ from Telegraf-Consumer-Sa4iZ
1777287127: Sending PINGRESP to Telegraf-Consumer-Sa4iZ
1777287192: Received PINGREQ from Telegraf-Consumer-Sa4iZ
1777287192: Sending PINGRESP to Telegraf-Consumer-Sa4iZ
1777287252: Received PINGREQ from Telegraf-Consumer-Sa4iZ
1777287252: Sending PINGRESP to Telegraf-Consumer-Sa4iZ
1777287317: Received PINGREQ from Telegraf-Consumer-Sa4iZ
1777287317: Sending PINGRESP to Telegraf-Consumer-Sa4iZ
1777287382: Received PINGREQ from Telegraf-Consumer-Sa4iZ
1777287382: Sending PINGRESP to Telegraf-Consumer-Sa4iZ
1777287447: Received PINGREQ from Telegraf-Consumer-Sa4iZ
1777287447: Sending PINGRESP to Telegraf-Consumer-Sa4iZ
1777287507: Received PINGREQ from Telegraf-Consumer-Sa4iZ
1777287507: Sending PINGRESP to Telegraf-Consumer-Sa4iZ
1777287572: Received PINGREQ from Telegraf-Consumer-Sa4iZ
1777287572: Sending PINGRESP to Telegraf-Consumer-Sa4iZ
1777287637: Received PINGREQ from Telegraf-Consumer-Sa4iZ
1777287637: Sending PINGRESP to Telegraf-Consumer-Sa4iZ
1777287702: Received PINGREQ from Telegraf-Consumer-Sa4iZ
1777287702: Sending PINGRESP to Telegraf-Consumer-Sa4iZ
1777287767: Received PINGREQ from Telegraf-Consumer-Sa4iZ
1777287767: Sending PINGRESP to Telegraf-Consumer-Sa4iZ
1777289630: Saving in-memory database to ./data//mosquitto.db.
1777289630: Error saving in-memory database, unable to open ./data//mosquitto.db.new for writing, error No such file or directory
1777289630: Client Telegraf-Consumer-Sa4iZ [::1:40274] disconnected: exceeded timeout.
1777289630: New connection from ::1:53220 on port 1883.
1777289630: New client connected from ::1:53220 as Telegraf-Consumer-Sa4iZ (p4, c1, k60).
1777289630: No will message specified.
1777289630: Sending CONNACK to Telegraf-Consumer-Sa4iZ (0, 0)
1777289630: Received SUBSCRIBE from Telegraf-Consumer-Sa4iZ
1777289630: 	sensors/+/temperature (QoS 0)
1777289630: Telegraf-Consumer-Sa4iZ 0 sensors/+/temperature
1777289630: 	sensors/+/humidity (QoS 0)
1777289630: Telegraf-Consumer-Sa4iZ 0 sensors/+/humidity
1777289630: 	sensors/+/co2 (QoS 0)
1777289630: Telegraf-Consumer-Sa4iZ 0 sensors/+/co2
1777289630: 	sensors/+/voc (QoS 0)
1777289630: Telegraf-Consumer-Sa4iZ 0 sensors/+/voc
1777289630: Sending SUBACK to Telegraf-Consumer-Sa4iZ
1777289690: Received PINGREQ from Telegraf-Consumer-Sa4iZ
1777289690: Sending PINGRESP to Telegraf-Consumer-Sa4iZ
1777289755: Received PINGREQ from Telegraf-Consumer-Sa4iZ
1777289755: Sending PINGRESP to Telegraf-Consumer-Sa4iZ
1777289820: Received PINGREQ from Telegraf-Consumer-Sa4iZ
1777289820: Sending PINGRESP to Telegraf-Consumer-Sa4iZ
1777289885: Received PINGREQ from Telegraf-Consumer-Sa4iZ
1777289885: Sending PINGRESP to Telegraf-Consumer-Sa4iZ
1777289945: Received PINGREQ from Telegraf-Consumer-Sa4iZ
1777289945: Sending PINGRESP to Telegraf-Consumer-Sa4iZ
1777290010: Received PINGREQ from Telegraf-Consumer-Sa4iZ
1777290010: Sending PINGRESP to Telegraf-Consumer-Sa4iZ
1777290075: Received PINGREQ from Telegraf-Consumer-Sa4iZ
1777290075: Sending PINGRESP to Telegraf-Consumer-Sa4iZ
1777290135: Received PINGREQ from Telegraf-Consumer-Sa4iZ
1777290135: Sending PINGRESP to Telegraf-Consumer-Sa4iZ
1777290195: Received PINGREQ from Telegraf-Consumer-Sa4iZ
1777290195: Sending PINGRESP to Telegraf-Consumer-Sa4iZ
1777290260: Received PINGREQ from Telegraf-Consumer-Sa4iZ
1777290260: Sending PINGRESP to Telegraf-Consumer-Sa4iZ
1777290320: Received PINGREQ from Telegraf-Consumer-Sa4iZ
1777290320: Sending PINGRESP to Telegraf-Consumer-Sa4iZ
1777290385: Received PINGREQ from Telegraf-Consumer-Sa4iZ
1777290385: Sending PINGRESP to Telegraf-Consumer-Sa4iZ
1777290445: Received PINGREQ from Telegraf-Consumer-Sa4iZ
1777290445: Sending PINGRESP to Telegraf-Consumer-Sa4iZ
1777290510: Received PINGREQ from Telegraf-Consumer-Sa4iZ
1777290510: Sending PINGRESP to Telegraf-Consumer-Sa4iZ
1777290575: Received PINGREQ from Telegraf-Consumer-Sa4iZ
1777290575: Sending PINGRESP to Telegraf-Consumer-Sa4iZ
1777290640: Received PINGREQ from Telegraf-Consumer-Sa4iZ
1777290640: Sending PINGRESP to Telegraf-Consumer-Sa4iZ
1777290705: Received PINGREQ from Telegraf-Consumer-Sa4iZ
1777290705: Sending PINGRESP to Telegraf-Consumer-Sa4iZ
1777290770: Received PINGREQ from Telegraf-Consumer-Sa4iZ
1777290770: Sending PINGRESP to Telegraf-Consumer-Sa4iZ
1777290835: Received PINGREQ from Telegraf-Consumer-Sa4iZ
1777290835: Sending PINGRESP to Telegraf-Consumer-Sa4iZ
1777290900: Received PINGREQ from Telegraf-Consumer-Sa4iZ
1777290900: Sending PINGRESP to Telegraf-Consumer-Sa4iZ
1777290960: Received PINGREQ from Telegraf-Consumer-Sa4iZ
1777290960: Sending PINGRESP to Telegraf-Consumer-Sa4iZ
1777291273: Client Telegraf-Consumer-Sa4iZ [::1:53220] disconnected: exceeded timeout.
1777291273: New connection from ::1:58556 on port 1883.
1777291273: New client connected from ::1:58556 as Telegraf-Consumer-Sa4iZ (p4, c1, k60).
1777291273: No will message specified.
1777291273: Sending CONNACK to Telegraf-Consumer-Sa4iZ (0, 0)
1777291273: Received SUBSCRIBE from Telegraf-Consumer-Sa4iZ
1777291273: 	sensors/+/co2 (QoS 0)
1777291273: Telegraf-Consumer-Sa4iZ 0 sensors/+/co2
1777291273: 	sensors/+/voc (QoS 0)
1777291273: Telegraf-Consumer-Sa4iZ 0 sensors/+/voc
1777291273: 	sensors/+/temperature (QoS 0)
1777291273: Telegraf-Consumer-Sa4iZ 0 sensors/+/temperature
1777291273: 	sensors/+/humidity (QoS 0)
1777291273: Telegraf-Consumer-Sa4iZ 0 sensors/+/humidity
1777291273: Sending SUBACK to Telegraf-Consumer-Sa4iZ
1777291333: Received PINGREQ from Telegraf-Consumer-Sa4iZ
1777291333: Sending PINGRESP to Telegraf-Consumer-Sa4iZ
1777291398: Received PINGREQ from Telegraf-Consumer-Sa4iZ
1777291398: Sending PINGRESP to Telegraf-Consumer-Sa4iZ
1777291431: Saving in-memory database to ./data//mosquitto.db.
1777291431: Error saving in-memory database, unable to open ./data//mosquitto.db.new for writing, error No such file or directory
1777291458: Received PINGREQ from Telegraf-Consumer-Sa4iZ
1777291458: Sending PINGRESP to Telegraf-Consumer-Sa4iZ
1777291523: Received PINGREQ from Telegraf-Consumer-Sa4iZ
1777291523: Sending PINGRESP to Telegraf-Consumer-Sa4iZ
1777291588: Received PINGREQ from Telegraf-Consumer-Sa4iZ
1777291588: Sending PINGRESP to Telegraf-Consumer-Sa4iZ
1777291653: Received PINGREQ from Telegraf-Consumer-Sa4iZ
1777291653: Sending PINGRESP to Telegraf-Consumer-Sa4iZ
1777291714: Received PINGREQ from Telegraf-Consumer-Sa4iZ
1777291714: Sending PINGRESP to Telegraf-Consumer-Sa4iZ
1777291779: Received PINGREQ from Telegraf-Consumer-Sa4iZ
1777291779: Sending PINGRESP to Telegraf-Consumer-Sa4iZ
1777291844: Received PINGREQ from Telegraf-Consumer-Sa4iZ
1777291844: Sending PINGRESP to Telegraf-Consumer-Sa4iZ
1777291904: Received PINGREQ from Telegraf-Consumer-Sa4iZ
1777291904: Sending PINGRESP to Telegraf-Consumer-Sa4iZ
1777291969: Received PINGREQ from Telegraf-Consumer-Sa4iZ
1777291969: Sending PINGRESP to Telegraf-Consumer-Sa4iZ
1777292029: Received PINGREQ from Telegraf-Consumer-Sa4iZ
1777292029: Sending PINGRESP to Telegraf-Consumer-Sa4iZ
1777292089: Received PINGREQ from Telegraf-Consumer-Sa4iZ
1777292089: Sending PINGRESP to Telegraf-Consumer-Sa4iZ
1777292154: Received PINGREQ from Telegraf-Consumer-Sa4iZ
1777292154: Sending PINGRESP to Telegraf-Consumer-Sa4iZ
1777292214: Received PINGREQ from Telegraf-Consumer-Sa4iZ
1777292214: Sending PINGRESP to Telegraf-Consumer-Sa4iZ
1777297188: Saving in-memory database to ./data//mosquitto.db.
1777297188: Error saving in-memory database, unable to open ./data//mosquitto.db.new for writing, error No such file or directory
1777297188: Client Telegraf-Consumer-Sa4iZ [::1:58556] disconnected: exceeded timeout.
1777297188: New connection from ::1:54852 on port 1883.
1777297188: New client connected from ::1:54852 as Telegraf-Consumer-Sa4iZ (p4, c1, k60).
1777297188: No will message specified.
1777297188: Sending CONNACK to Telegraf-Consumer-Sa4iZ (0, 0)
1777297188: Received SUBSCRIBE from Telegraf-Consumer-Sa4iZ
1777297188: 	sensors/+/temperature (QoS 0)
1777297188: Telegraf-Consumer-Sa4iZ 0 sensors/+/temperature
1777297188: 	sensors/+/humidity (QoS 0)
1777297188: Telegraf-Consumer-Sa4iZ 0 sensors/+/humidity
1777297188: 	sensors/+/co2 (QoS 0)
1777297188: Telegraf-Consumer-Sa4iZ 0 sensors/+/co2
1777297188: 	sensors/+/voc (QoS 0)
1777297188: Telegraf-Consumer-Sa4iZ 0 sensors/+/voc
1777297188: Sending SUBACK to Telegraf-Consumer-Sa4iZ
1777297248: Received PINGREQ from Telegraf-Consumer-Sa4iZ
1777297248: Sending PINGRESP to Telegraf-Consumer-Sa4iZ
1777297308: Received PINGREQ from Telegraf-Consumer-Sa4iZ
1777297308: Sending PINGRESP to Telegraf-Consumer-Sa4iZ
1777297373: Received PINGREQ from Telegraf-Consumer-Sa4iZ
1777297373: Sending PINGRESP to Telegraf-Consumer-Sa4iZ
1777297433: Received PINGREQ from Telegraf-Consumer-Sa4iZ
1777297433: Sending PINGRESP to Telegraf-Consumer-Sa4iZ
1777297498: Received PINGREQ from Telegraf-Consumer-Sa4iZ
1777297498: Sending PINGRESP to Telegraf-Consumer-Sa4iZ
1777297558: Received PINGREQ from Telegraf-Consumer-Sa4iZ
1777297558: Sending PINGRESP to Telegraf-Consumer-Sa4iZ
1777297591: mosquitto version 2.1.2 terminating
1777297591: Saving in-memory database to ./data//mosquitto.db.
1777297591: Error saving in-memory database, unable to open ./data//mosquitto.db.new for writing, error No such file or directory
1777297592: mosquitto version 2.1.2 starting
1777297592: Config loaded from mosquitto.conf.
1777297592: Bridge support available.
1777297592: Persistence support available.
1777297592: TLS support available.
1777297592: TLS-PSK support available.
1777297592: Websockets support available.
1777297592: Opening ipv4 listen socket on port 1883.
1777297592: Opening ipv6 listen socket on port 1883.
1777297592: mosquitto version 2.1.2 running
1777297602: New connection from ::1:34138 on port 1883.
1777297602: New client connected from ::1:34138 as Telegraf-Consumer-Fywjk (p4, c1, k60).
1777297602: No will message specified.
1777297602: Sending CONNACK to Telegraf-Consumer-Fywjk (0, 0)
1777297602: Received SUBSCRIBE from Telegraf-Consumer-Fywjk
1777297602: 	sensors/+/temperature (QoS 0)
1777297602: Telegraf-Consumer-Fywjk 0 sensors/+/temperature
1777297602: 	sensors/+/humidity (QoS 0)
1777297602: Telegraf-Consumer-Fywjk 0 sensors/+/humidity
1777297602: 	sensors/+/co2 (QoS 0)
1777297602: Telegraf-Consumer-Fywjk 0 sensors/+/co2
1777297602: 	sensors/+/voc (QoS 0)
1777297602: Telegraf-Consumer-Fywjk 0 sensors/+/voc
1777297602: Sending SUBACK to Telegraf-Consumer-Fywjk
1777297662: Received PINGREQ from Telegraf-Consumer-Fywjk
1777297662: Sending PINGRESP to Telegraf-Consumer-Fywjk
1777297727: Received PINGREQ from Telegraf-Consumer-Fywjk
1777297727: Sending PINGRESP to Telegraf-Consumer-Fywjk
1777297792: Received PINGREQ from Telegraf-Consumer-Fywjk
1777297792: Sending PINGRESP to Telegraf-Consumer-Fywjk
1777297840: New connection from ::1:48504 on port 1883.
1777297840: New client connected from ::1:48504 as auto-1326B7E9-AB1C-5AC0-801F-364E78439CDD (p4, c1, k60).
1777297840: No will message specified.
1777297840: Sending CONNACK to auto-1326B7E9-AB1C-5AC0-801F-364E78439CDD (0, 0)
1777297840: Received PUBLISH from auto-1326B7E9-AB1C-5AC0-801F-364E78439CDD (d0, q0, r0, m0, 'sensors/site1/temperature', ... (15 bytes))
1777297840: Sending PUBLISH to Telegraf-Consumer-Fywjk (d0, q0, r0, m0, 'sensors/site1/temperature', ... (15 bytes))
1777297840: Received DISCONNECT from auto-1326B7E9-AB1C-5AC0-801F-364E78439CDD
1777297840: Client auto-1326B7E9-AB1C-5AC0-801F-364E78439CDD [::1:48504] disconnected.
1777297852: Received PINGREQ from Telegraf-Consumer-Fywjk
1777297852: Sending PINGRESP to Telegraf-Consumer-Fywjk
1777297917: Received PINGREQ from Telegraf-Consumer-Fywjk
1777297917: Sending PINGRESP to Telegraf-Consumer-Fywjk
1777297982: Received PINGREQ from Telegraf-Consumer-Fywjk
1777297982: Sending PINGRESP to Telegraf-Consumer-Fywjk
1777298047: Received PINGREQ from Telegraf-Consumer-Fywjk
1777298047: Sending PINGRESP to Telegraf-Consumer-Fywjk
1777298107: Received PINGREQ from Telegraf-Consumer-Fywjk
1777298107: Sending PINGRESP to Telegraf-Consumer-Fywjk
1777298172: Received PINGREQ from Telegraf-Consumer-Fywjk
1777298172: Sending PINGRESP to Telegraf-Consumer-Fywjk
1777298237: Received PINGREQ from Telegraf-Consumer-Fywjk
1777298237: Sending PINGRESP to Telegraf-Consumer-Fywjk
1777298302: Received PINGREQ from Telegraf-Consumer-Fywjk
1777298302: Sending PINGRESP to Telegraf-Consumer-Fywjk
1777298367: Received PINGREQ from Telegraf-Consumer-Fywjk
1777298367: Sending PINGRESP to Telegraf-Consumer-Fywjk
1777298427: Received PINGREQ from Telegraf-Consumer-Fywjk
1777298427: Sending PINGRESP to Telegraf-Consumer-Fywjk
1777298492: Received PINGREQ from Telegraf-Consumer-Fywjk
1777298492: Sending PINGRESP to Telegraf-Consumer-Fywjk
1777298557: Received PINGREQ from Telegraf-Consumer-Fywjk
1777298557: Sending PINGRESP to Telegraf-Consumer-Fywjk
1777298622: Received PINGREQ from Telegraf-Consumer-Fywjk
1777298622: Sending PINGRESP to Telegraf-Consumer-Fywjk
1777298682: Received PINGREQ from Telegraf-Consumer-Fywjk
1777298682: Sending PINGRESP to Telegraf-Consumer-Fywjk
1777298742: Received PINGREQ from Telegraf-Consumer-Fywjk
1777298742: Sending PINGRESP to Telegraf-Consumer-Fywjk
1777298807: Received PINGREQ from Telegraf-Consumer-Fywjk
1777298807: Sending PINGRESP to Telegraf-Consumer-Fywjk
1777298867: Received PINGREQ from Telegraf-Consumer-Fywjk
1777298867: Sending PINGRESP to Telegraf-Consumer-Fywjk
1777298932: Received PINGREQ from Telegraf-Consumer-Fywjk
1777298932: Sending PINGRESP to Telegraf-Consumer-Fywjk
1777298992: Received PINGREQ from Telegraf-Consumer-Fywjk
1777298992: Sending PINGRESP to Telegraf-Consumer-Fywjk
1777299057: Received PINGREQ from Telegraf-Consumer-Fywjk
1777299057: Sending PINGRESP to Telegraf-Consumer-Fywjk
1777299122: Received PINGREQ from Telegraf-Consumer-Fywjk
1777299122: Sending PINGRESP to Telegraf-Consumer-Fywjk
1777299187: Received PINGREQ from Telegraf-Consumer-Fywjk
1777299187: Sending PINGRESP to Telegraf-Consumer-Fywjk
1777299247: Received PINGREQ from Telegraf-Consumer-Fywjk
1777299247: Sending PINGRESP to Telegraf-Consumer-Fywjk
1777299312: Received PINGREQ from Telegraf-Consumer-Fywjk
1777299312: Sending PINGRESP to Telegraf-Consumer-Fywjk
1777299377: Received PINGREQ from Telegraf-Consumer-Fywjk
1777299377: Sending PINGRESP to Telegraf-Consumer-Fywjk
1777299392: Saving in-memory database to ./data//mosquitto.db.
1777299392: Error saving in-memory database, unable to open ./data//mosquitto.db.new for writing, error No such file or directory
1777299437: Received PINGREQ from Telegraf-Consumer-Fywjk
1777299437: Sending PINGRESP to Telegraf-Consumer-Fywjk
1777299502: Received PINGREQ from Telegraf-Consumer-Fywjk
1777299502: Sending PINGRESP to Telegraf-Consumer-Fywjk
1777299567: Received PINGREQ from Telegraf-Consumer-Fywjk
1777299567: Sending PINGRESP to Telegraf-Consumer-Fywjk
1777299632: Received PINGREQ from Telegraf-Consumer-Fywjk
1777299632: Sending PINGRESP to Telegraf-Consumer-Fywjk
1777299697: Received PINGREQ from Telegraf-Consumer-Fywjk
1777299697: Sending PINGRESP to Telegraf-Consumer-Fywjk
1777299746: New connection from ::1:48306 on port 1883.
1777299746: New client connected from ::1:48306 as auto-38C1C2ED-AF30-5698-B9B6-8A157B147CCD (p4, c1, k60).
1777299746: No will message specified.
1777299746: Sending CONNACK to auto-38C1C2ED-AF30-5698-B9B6-8A157B147CCD (0, 0)
1777299746: Received PUBLISH from auto-38C1C2ED-AF30-5698-B9B6-8A157B147CCD (d0, q0, r0, m0, 'sensors/site1/temperature', ... (15 bytes))
1777299746: Sending PUBLISH to Telegraf-Consumer-Fywjk (d0, q0, r0, m0, 'sensors/site1/temperature', ... (15 bytes))
1777299746: Received DISCONNECT from auto-38C1C2ED-AF30-5698-B9B6-8A157B147CCD
1777299746: Client auto-38C1C2ED-AF30-5698-B9B6-8A157B147CCD [::1:48306] disconnected.
1777299751: New connection from ::1:48312 on port 1883.
1777299751: New client connected from ::1:48312 as auto-D8C78CF9-9F44-79C1-3F5E-825B2376A6BF (p4, c1, k60).
1777299751: No will message specified.
1777299751: Sending CONNACK to auto-D8C78CF9-9F44-79C1-3F5E-825B2376A6BF (0, 0)
1777299751: Received PUBLISH from auto-D8C78CF9-9F44-79C1-3F5E-825B2376A6BF (d0, q0, r0, m0, 'sensors/site1/temperature', ... (15 bytes))
1777299751: Sending PUBLISH to Telegraf-Consumer-Fywjk (d0, q0, r0, m0, 'sensors/site1/temperature', ... (15 bytes))
1777299751: Received DISCONNECT from auto-D8C78CF9-9F44-79C1-3F5E-825B2376A6BF
1777299751: Client auto-D8C78CF9-9F44-79C1-3F5E-825B2376A6BF [::1:48312] disconnected.
1777299762: Received PINGREQ from Telegraf-Consumer-Fywjk
1777299762: Sending PINGRESP to Telegraf-Consumer-Fywjk
1777299779: New connection from ::1:52526 on port 1883.
1777299779: New client connected from ::1:52526 as auto-4BD9101C-8032-CCC0-4E89-C62990278640 (p4, c1, k60).
1777299779: No will message specified.
1777299779: Sending CONNACK to auto-4BD9101C-8032-CCC0-4E89-C62990278640 (0, 0)
1777299779: Received PUBLISH from auto-4BD9101C-8032-CCC0-4E89-C62990278640 (d0, q0, r0, m0, 'sensors/site1/temperature', ... (21 bytes))
1777299779: Sending PUBLISH to Telegraf-Consumer-Fywjk (d0, q0, r0, m0, 'sensors/site1/temperature', ... (21 bytes))
1777299779: Received DISCONNECT from auto-4BD9101C-8032-CCC0-4E89-C62990278640
1777299779: Client auto-4BD9101C-8032-CCC0-4E89-C62990278640 [::1:52526] disconnected.
1777299803: New connection from ::1:57102 on port 1883.
1777299803: New client connected from ::1:57102 as auto-A8A4FA55-3E2B-7F9D-97B5-C08A22A7D6D1 (p4, c1, k60).
1777299803: No will message specified.
1777299803: Sending CONNACK to auto-A8A4FA55-3E2B-7F9D-97B5-C08A22A7D6D1 (0, 0)
1777299803: Received PUBLISH from auto-A8A4FA55-3E2B-7F9D-97B5-C08A22A7D6D1 (d0, q0, r0, m0, 'sensors/site1/temperature', ... (21 bytes))
1777299803: Sending PUBLISH to Telegraf-Consumer-Fywjk (d0, q0, r0, m0, 'sensors/site1/temperature', ... (21 bytes))
1777299803: Received DISCONNECT from auto-A8A4FA55-3E2B-7F9D-97B5-C08A22A7D6D1
1777299803: Client auto-A8A4FA55-3E2B-7F9D-97B5-C08A22A7D6D1 [::1:57102] disconnected.
1777299825: New connection from ::1:35924 on port 1883.
1777299825: New client connected from ::1:35924 as auto-CB055450-3E05-18B6-35DB-7B138A9327A4 (p4, c1, k60).
1777299825: No will message specified.
1777299825: Sending CONNACK to auto-CB055450-3E05-18B6-35DB-7B138A9327A4 (0, 0)
1777299825: Received PUBLISH from auto-CB055450-3E05-18B6-35DB-7B138A9327A4 (d0, q0, r0, m0, 'sensors/site1/temperature', ... (21 bytes))
1777299825: Sending PUBLISH to Telegraf-Consumer-Fywjk (d0, q0, r0, m0, 'sensors/site1/temperature', ... (21 bytes))
1777299825: Received DISCONNECT from auto-CB055450-3E05-18B6-35DB-7B138A9327A4
1777299825: Client auto-CB055450-3E05-18B6-35DB-7B138A9327A4 [::1:35924] disconnected.
1777299827: Received PINGREQ from Telegraf-Consumer-Fywjk
1777299827: Sending PINGRESP to Telegraf-Consumer-Fywjk
1777299892: Received PINGREQ from Telegraf-Consumer-Fywjk
1777299892: Sending PINGRESP to Telegraf-Consumer-Fywjk
1777299957: Received PINGREQ from Telegraf-Consumer-Fywjk
1777299957: Sending PINGRESP to Telegraf-Consumer-Fywjk
1777299987: New connection from ::1:55896 on port 1883.
1777299987: New client connected from ::1:55896 as auto-5EEF049B-1989-6D23-B83F-5093C0973113 (p4, c1, k60).
1777299987: No will message specified.
1777299987: Sending CONNACK to auto-5EEF049B-1989-6D23-B83F-5093C0973113 (0, 0)
1777299987: Received PUBLISH from auto-5EEF049B-1989-6D23-B83F-5093C0973113 (d0, q0, r0, m0, 'sensors/site1/temperature', ... (21 bytes))
1777299987: Sending PUBLISH to Telegraf-Consumer-Fywjk (d0, q0, r0, m0, 'sensors/site1/temperature', ... (21 bytes))
1777299987: Received DISCONNECT from auto-5EEF049B-1989-6D23-B83F-5093C0973113
1777299987: Client auto-5EEF049B-1989-6D23-B83F-5093C0973113 [::1:55896] disconnected.
1777299995: New connection from ::1:33710 on port 1883.
1777299995: New client connected from ::1:33710 as auto-4231149A-5B24-0FC7-302B-C3EF507F6088 (p4, c1, k60).
1777299995: No will message specified.
1777299995: Sending CONNACK to auto-4231149A-5B24-0FC7-302B-C3EF507F6088 (0, 0)
1777299995: Received PUBLISH from auto-4231149A-5B24-0FC7-302B-C3EF507F6088 (d0, q0, r0, m0, 'sensors/site1/temperature', ... (15 bytes))
1777299995: Sending PUBLISH to Telegraf-Consumer-Fywjk (d0, q0, r0, m0, 'sensors/site1/temperature', ... (15 bytes))
1777299995: Received DISCONNECT from auto-4231149A-5B24-0FC7-302B-C3EF507F6088
1777299995: Client auto-4231149A-5B24-0FC7-302B-C3EF507F6088 [::1:33710] disconnected.
1777300017: Received PINGREQ from Telegraf-Consumer-Fywjk
1777300017: Sending PINGRESP to Telegraf-Consumer-Fywjk
1777300079: New connection from ::1:54148 on port 1883.
1777300079: New client connected from ::1:54148 as auto-567CCC9A-A1EF-CE75-5C60-5384153A7649 (p4, c1, k60).
1777300079: No will message specified.
1777300079: Sending CONNACK to auto-567CCC9A-A1EF-CE75-5C60-5384153A7649 (0, 0)
1777300079: Received PUBLISH from auto-567CCC9A-A1EF-CE75-5C60-5384153A7649 (d0, q0, r0, m0, 'sensors/site1/humidity', ... (17 bytes))
1777300079: Sending PUBLISH to Telegraf-Consumer-Fywjk (d0, q0, r0, m0, 'sensors/site1/humidity', ... (17 bytes))
1777300079: Received DISCONNECT from auto-567CCC9A-A1EF-CE75-5C60-5384153A7649
1777300079: Client auto-567CCC9A-A1EF-CE75-5C60-5384153A7649 [::1:54148] disconnected.
1777300082: Received PINGREQ from Telegraf-Consumer-Fywjk
1777300082: Sending PINGRESP to Telegraf-Consumer-Fywjk
1777300147: Received PINGREQ from Telegraf-Consumer-Fywjk
1777300147: Sending PINGRESP to Telegraf-Consumer-Fywjk
1777300207: Received PINGREQ from Telegraf-Consumer-Fywjk
1777300207: Sending PINGRESP to Telegraf-Consumer-Fywjk
1777300212: New connection from ::1:36502 on port 1883.
1777300212: New client connected from ::1:36502 as auto-595B4296-7376-0967-90E1-DEC3609D42C8 (p4, c1, k60).
1777300212: No will message specified.
1777300212: Sending CONNACK to auto-595B4296-7376-0967-90E1-DEC3609D42C8 (0, 0)
1777300212: Received PUBLISH from auto-595B4296-7376-0967-90E1-DEC3609D42C8 (d0, q0, r0, m0, 'sensors/site1/humidity', ... (16 bytes))
1777300212: Sending PUBLISH to Telegraf-Consumer-Fywjk (d0, q0, r0, m0, 'sensors/site1/humidity', ... (16 bytes))
1777300212: Received DISCONNECT from auto-595B4296-7376-0967-90E1-DEC3609D42C8
1777300212: Client auto-595B4296-7376-0967-90E1-DEC3609D42C8 [::1:36502] disconnected.
1777300246: New connection from ::1:37728 on port 1883.
1777300246: New client connected from ::1:37728 as auto-5495AA03-AED4-088A-CC03-467E93B42110 (p4, c1, k60).
1777300246: No will message specified.
1777300246: Sending CONNACK to auto-5495AA03-AED4-088A-CC03-467E93B42110 (0, 0)
1777300246: Received PUBLISH from auto-5495AA03-AED4-088A-CC03-467E93B42110 (d0, q0, r0, m0, 'sensors/site1/humidity', ... (19 bytes))
1777300246: Sending PUBLISH to Telegraf-Consumer-Fywjk (d0, q0, r0, m0, 'sensors/site1/humidity', ... (19 bytes))
1777300246: Received DISCONNECT from auto-5495AA03-AED4-088A-CC03-467E93B42110
1777300246: Client auto-5495AA03-AED4-088A-CC03-467E93B42110 [::1:37728] disconnected.
1777300272: Received PINGREQ from Telegraf-Consumer-Fywjk
1777300272: Sending PINGRESP to Telegraf-Consumer-Fywjk
1777300337: Received PINGREQ from Telegraf-Consumer-Fywjk
1777300337: Sending PINGRESP to Telegraf-Consumer-Fywjk
1777300397: Received PINGREQ from Telegraf-Consumer-Fywjk
1777300397: Sending PINGRESP to Telegraf-Consumer-Fywjk
1777300462: Received PINGREQ from Telegraf-Consumer-Fywjk
1777300462: Sending PINGRESP to Telegraf-Consumer-Fywjk
1777300527: Received PINGREQ from Telegraf-Consumer-Fywjk
1777300527: Sending PINGRESP to Telegraf-Consumer-Fywjk
1777300592: Received PINGREQ from Telegraf-Consumer-Fywjk
1777300592: Sending PINGRESP to Telegraf-Consumer-Fywjk
1777300657: Received PINGREQ from Telegraf-Consumer-Fywjk
1777300657: Sending PINGRESP to Telegraf-Consumer-Fywjk
1777300717: Received PINGREQ from Telegraf-Consumer-Fywjk
1777300717: Sending PINGRESP to Telegraf-Consumer-Fywjk
1777300782: Received PINGREQ from Telegraf-Consumer-Fywjk
1777300782: Sending PINGRESP to Telegraf-Consumer-Fywjk
1777300847: Received PINGREQ from Telegraf-Consumer-Fywjk
1777300847: Sending PINGRESP to Telegraf-Consumer-Fywjk
1777300912: Received PINGREQ from Telegraf-Consumer-Fywjk
1777300912: Sending PINGRESP to Telegraf-Consumer-Fywjk
1777300972: Received PINGREQ from Telegraf-Consumer-Fywjk
1777300972: Sending PINGRESP to Telegraf-Consumer-Fywjk
1777301037: Received PINGREQ from Telegraf-Consumer-Fywjk
1777301037: Sending PINGRESP to Telegraf-Consumer-Fywjk
1777301097: Received PINGREQ from Telegraf-Consumer-Fywjk
1777301097: Sending PINGRESP to Telegraf-Consumer-Fywjk
1777301162: Received PINGREQ from Telegraf-Consumer-Fywjk
1777301162: Sending PINGRESP to Telegraf-Consumer-Fywjk
1777301193: Saving in-memory database to ./data//mosquitto.db.
1777301193: Error saving in-memory database, unable to open ./data//mosquitto.db.new for writing, error No such file or directory
1777301222: Received PINGREQ from Telegraf-Consumer-Fywjk
1777301222: Sending PINGRESP to Telegraf-Consumer-Fywjk
1777301287: Received PINGREQ from Telegraf-Consumer-Fywjk
1777301287: Sending PINGRESP to Telegraf-Consumer-Fywjk
1777301352: Received PINGREQ from Telegraf-Consumer-Fywjk
1777301352: Sending PINGRESP to Telegraf-Consumer-Fywjk
1777301412: Received PINGREQ from Telegraf-Consumer-Fywjk
1777301412: Sending PINGRESP to Telegraf-Consumer-Fywjk
1777301477: Received PINGREQ from Telegraf-Consumer-Fywjk
1777301477: Sending PINGRESP to Telegraf-Consumer-Fywjk
1777301542: Received PINGREQ from Telegraf-Consumer-Fywjk
1777301542: Sending PINGRESP to Telegraf-Consumer-Fywjk
1777301602: Received PINGREQ from Telegraf-Consumer-Fywjk
1777301602: Sending PINGRESP to Telegraf-Consumer-Fywjk
1777301667: Received PINGREQ from Telegraf-Consumer-Fywjk
1777301667: Sending PINGRESP to Telegraf-Consumer-Fywjk
1777301727: Received PINGREQ from Telegraf-Consumer-Fywjk
1777301727: Sending PINGRESP to Telegraf-Consumer-Fywjk
1777301792: Received PINGREQ from Telegraf-Consumer-Fywjk
1777301792: Sending PINGRESP to Telegraf-Consumer-Fywjk
1777301857: Received PINGREQ from Telegraf-Consumer-Fywjk
1777301857: Sending PINGRESP to Telegraf-Consumer-Fywjk
1777301917: Received PINGREQ from Telegraf-Consumer-Fywjk
1777301917: Sending PINGRESP to Telegraf-Consumer-Fywjk
1777301982: Received PINGREQ from Telegraf-Consumer-Fywjk
1777301982: Sending PINGRESP to Telegraf-Consumer-Fywjk
1777302047: Received PINGREQ from Telegraf-Consumer-Fywjk
1777302047: Sending PINGRESP to Telegraf-Consumer-Fywjk
1777302107: Received PINGREQ from Telegraf-Consumer-Fywjk
1777302107: Sending PINGRESP to Telegraf-Consumer-Fywjk
1777302172: Received PINGREQ from Telegraf-Consumer-Fywjk
1777302172: Sending PINGRESP to Telegraf-Consumer-Fywjk
1777302232: Received PINGREQ from Telegraf-Consumer-Fywjk
1777302232: Sending PINGRESP to Telegraf-Consumer-Fywjk
1777302297: Received PINGREQ from Telegraf-Consumer-Fywjk
1777302297: Sending PINGRESP to Telegraf-Consumer-Fywjk
1777302357: Received PINGREQ from Telegraf-Consumer-Fywjk
1777302357: Sending PINGRESP to Telegraf-Consumer-Fywjk
1777302422: Received PINGREQ from Telegraf-Consumer-Fywjk
1777302422: Sending PINGRESP to Telegraf-Consumer-Fywjk
1777302487: Received PINGREQ from Telegraf-Consumer-Fywjk
1777302487: Sending PINGRESP to Telegraf-Consumer-Fywjk
1777302552: Received PINGREQ from Telegraf-Consumer-Fywjk
1777302552: Sending PINGRESP to Telegraf-Consumer-Fywjk
1777302617: Received PINGREQ from Telegraf-Consumer-Fywjk
1777302617: Sending PINGRESP to Telegraf-Consumer-Fywjk
1777302677: Received PINGREQ from Telegraf-Consumer-Fywjk
1777302677: Sending PINGRESP to Telegraf-Consumer-Fywjk
1777302742: Received PINGREQ from Telegraf-Consumer-Fywjk
1777302742: Sending PINGRESP to Telegraf-Consumer-Fywjk
1777302807: Received PINGREQ from Telegraf-Consumer-Fywjk
1777302807: Sending PINGRESP to Telegraf-Consumer-Fywjk
1777302872: Received PINGREQ from Telegraf-Consumer-Fywjk
1777302872: Sending PINGRESP to Telegraf-Consumer-Fywjk
1777302932: Received PINGREQ from Telegraf-Consumer-Fywjk
1777302932: Sending PINGRESP to Telegraf-Consumer-Fywjk
1777302992: Received PINGREQ from Telegraf-Consumer-Fywjk
1777302992: Sending PINGRESP to Telegraf-Consumer-Fywjk
1777302995: Saving in-memory database to ./data//mosquitto.db.
1777302995: Error saving in-memory database, unable to open ./data//mosquitto.db.new for writing, error No such file or directory
1777303057: Received PINGREQ from Telegraf-Consumer-Fywjk
1777303057: Sending PINGRESP to Telegraf-Consumer-Fywjk
1777303122: Received PINGREQ from Telegraf-Consumer-Fywjk
1777303122: Sending PINGRESP to Telegraf-Consumer-Fywjk
1777303182: Received PINGREQ from Telegraf-Consumer-Fywjk
1777303182: Sending PINGRESP to Telegraf-Consumer-Fywjk
1777303247: Received PINGREQ from Telegraf-Consumer-Fywjk
1777303247: Sending PINGRESP to Telegraf-Consumer-Fywjk
1777303312: Received PINGREQ from Telegraf-Consumer-Fywjk
1777303312: Sending PINGRESP to Telegraf-Consumer-Fywjk
1777303377: Received PINGREQ from Telegraf-Consumer-Fywjk
1777303377: Sending PINGRESP to Telegraf-Consumer-Fywjk
1777303442: Received PINGREQ from Telegraf-Consumer-Fywjk
1777303442: Sending PINGRESP to Telegraf-Consumer-Fywjk
1777303502: Received PINGREQ from Telegraf-Consumer-Fywjk
1777303502: Sending PINGRESP to Telegraf-Consumer-Fywjk
1777303567: Received PINGREQ from Telegraf-Consumer-Fywjk
1777303567: Sending PINGRESP to Telegraf-Consumer-Fywjk
1777303627: Received PINGREQ from Telegraf-Consumer-Fywjk
1777303627: Sending PINGRESP to Telegraf-Consumer-Fywjk
1777303692: Received PINGREQ from Telegraf-Consumer-Fywjk
1777303692: Sending PINGRESP to Telegraf-Consumer-Fywjk
1777303757: Received PINGREQ from Telegraf-Consumer-Fywjk
1777303757: Sending PINGRESP to Telegraf-Consumer-Fywjk
1777303822: Received PINGREQ from Telegraf-Consumer-Fywjk
1777303822: Sending PINGRESP to Telegraf-Consumer-Fywjk
1777303887: Received PINGREQ from Telegraf-Consumer-Fywjk
1777303887: Sending PINGRESP to Telegraf-Consumer-Fywjk
1777303952: Received PINGREQ from Telegraf-Consumer-Fywjk
1777303952: Sending PINGRESP to Telegraf-Consumer-Fywjk
1777304017: Received PINGREQ from Telegraf-Consumer-Fywjk
1777304017: Sending PINGRESP to Telegraf-Consumer-Fywjk
1777309639: Saving in-memory database to ./data//mosquitto.db.
1777309639: Error saving in-memory database, unable to open ./data//mosquitto.db.new for writing, error No such file or directory
1777309639: Client Telegraf-Consumer-Fywjk [::1:34138] disconnected: exceeded timeout.
1777309639: New connection from ::1:58526 on port 1883.
1777309639: New client connected from ::1:58526 as Telegraf-Consumer-Fywjk (p4, c1, k60).
1777309639: No will message specified.
1777309639: Sending CONNACK to Telegraf-Consumer-Fywjk (0, 0)
1777309639: Received SUBSCRIBE from Telegraf-Consumer-Fywjk
1777309639: 	sensors/+/temperature (QoS 0)
1777309639: Telegraf-Consumer-Fywjk 0 sensors/+/temperature
1777309639: 	sensors/+/humidity (QoS 0)
1777309639: Telegraf-Consumer-Fywjk 0 sensors/+/humidity
1777309639: 	sensors/+/co2 (QoS 0)
1777309639: Telegraf-Consumer-Fywjk 0 sensors/+/co2
1777309639: 	sensors/+/voc (QoS 0)
1777309639: Telegraf-Consumer-Fywjk 0 sensors/+/voc
1777309639: Sending SUBACK to Telegraf-Consumer-Fywjk
1777309699: Received PINGREQ from Telegraf-Consumer-Fywjk
1777309699: Sending PINGRESP to Telegraf-Consumer-Fywjk
1777309764: Received PINGREQ from Telegraf-Consumer-Fywjk
1777309764: Sending PINGRESP to Telegraf-Consumer-Fywjk
1777309829: Received PINGREQ from Telegraf-Consumer-Fywjk
1777309829: Sending PINGRESP to Telegraf-Consumer-Fywjk
1777309894: Received PINGREQ from Telegraf-Consumer-Fywjk
1777309894: Sending PINGRESP to Telegraf-Consumer-Fywjk
1777310734: Client Telegraf-Consumer-Fywjk [::1:58526] disconnected: exceeded timeout.
1777310734: New connection from ::1:37892 on port 1883.
1777310734: New client connected from ::1:37892 as Telegraf-Consumer-Fywjk (p4, c1, k60).
1777310734: No will message specified.
1777310734: Sending CONNACK to Telegraf-Consumer-Fywjk (0, 0)
1777310734: Received SUBSCRIBE from Telegraf-Consumer-Fywjk
1777310734: 	sensors/+/co2 (QoS 0)
1777310734: Telegraf-Consumer-Fywjk 0 sensors/+/co2
1777310734: 	sensors/+/voc (QoS 0)
1777310734: Telegraf-Consumer-Fywjk 0 sensors/+/voc
1777310734: 	sensors/+/temperature (QoS 0)
1777310734: Telegraf-Consumer-Fywjk 0 sensors/+/temperature
1777310734: 	sensors/+/humidity (QoS 0)
1777310734: Telegraf-Consumer-Fywjk 0 sensors/+/humidity
1777310734: Sending SUBACK to Telegraf-Consumer-Fywjk
1777310794: Received PINGREQ from Telegraf-Consumer-Fywjk
1777310794: Sending PINGRESP to Telegraf-Consumer-Fywjk
1777310859: Received PINGREQ from Telegraf-Consumer-Fywjk
1777310859: Sending PINGRESP to Telegraf-Consumer-Fywjk
